------------------------------------------------------------
Timing Analyzer Summary
------------------------------------------------------------

Type  : Slow 1200mV 85C Model Setup 'clk'
Slack : -5.000
TNS   : -1044.581

Type  : Slow 1200mV 85C Model Setup 'control_path:cp|start_tmp6'
Slack : -2.727
TNS   : -5.396

Type  : Slow 1200mV 85C Model Hold 'clk'
Slack : 0.427
TNS   : 0.000

Type  : Slow 1200mV 85C Model Hold 'control_path:cp|start_tmp6'
Slack : 1.542
TNS   : 0.000

Type  : Slow 1200mV 85C Model Minimum Pulse Width 'clk'
Slack : -3.000
TNS   : -718.784

Type  : Slow 1200mV 85C Model Minimum Pulse Width 'control_path:cp|start_tmp6'
Slack : 0.449
TNS   : 0.000

Type  : Slow 1200mV 0C Model Setup 'clk'
Slack : -4.483
TNS   : -911.847

Type  : Slow 1200mV 0C Model Setup 'control_path:cp|start_tmp6'
Slack : -2.519
TNS   : -5.000

Type  : Slow 1200mV 0C Model Hold 'clk'
Slack : 0.387
TNS   : 0.000

Type  : Slow 1200mV 0C Model Hold 'control_path:cp|start_tmp6'
Slack : 1.525
TNS   : 0.000

Type  : Slow 1200mV 0C Model Minimum Pulse Width 'clk'
Slack : -3.000
TNS   : -716.012

Type  : Slow 1200mV 0C Model Minimum Pulse Width 'control_path:cp|start_tmp6'
Slack : 0.465
TNS   : 0.000

Type  : Fast 1200mV 0C Model Setup 'clk'
Slack : -2.457
TNS   : -341.798

Type  : Fast 1200mV 0C Model Setup 'control_path:cp|start_tmp6'
Slack : -1.048
TNS   : -2.061

Type  : Fast 1200mV 0C Model Hold 'clk'
Slack : 0.185
TNS   : 0.000

Type  : Fast 1200mV 0C Model Hold 'control_path:cp|start_tmp6'
Slack : 0.898
TNS   : 0.000

Type  : Fast 1200mV 0C Model Minimum Pulse Width 'clk'
Slack : -3.000
TNS   : -529.736

Type  : Fast 1200mV 0C Model Minimum Pulse Width 'control_path:cp|start_tmp6'
Slack : 0.411
TNS   : 0.000

------------------------------------------------------------
