------------------------------------------------------------
Timing Analyzer Summary
------------------------------------------------------------

Type  : Slow 1100mV 85C Model Setup 'i_clock'
Slack : -2.477
TNS   : -195.916

Type  : Slow 1100mV 85C Model Hold 'i_clock'
Slack : 0.509
TNS   : 0.000

Type  : Slow 1100mV 85C Model Minimum Pulse Width 'i_clock'
Slack : -3.166
TNS   : -754.284

Type  : Slow 1100mV 0C Model Setup 'i_clock'
Slack : -2.770
TNS   : -206.506

Type  : Slow 1100mV 0C Model Hold 'i_clock'
Slack : 0.552
TNS   : 0.000

Type  : Slow 1100mV 0C Model Minimum Pulse Width 'i_clock'
Slack : -3.166
TNS   : -754.791

Type  : Fast 1100mV 85C Model Setup 'i_clock'
Slack : -0.603
TNS   : -20.782

Type  : Fast 1100mV 85C Model Hold 'i_clock'
Slack : 0.254
TNS   : 0.000

Type  : Fast 1100mV 85C Model Minimum Pulse Width 'i_clock'
Slack : -2.174
TNS   : -450.579

Type  : Fast 1100mV 0C Model Setup 'i_clock'
Slack : -0.522
TNS   : -16.080

Type  : Fast 1100mV 0C Model Hold 'i_clock'
Slack : 0.220
TNS   : 0.000

Type  : Fast 1100mV 0C Model Minimum Pulse Width 'i_clock'
Slack : -2.174
TNS   : -450.989

------------------------------------------------------------
